// Jest Snapshot v1, https://goo.gl/fbAQLP

exports[`smoke test 1`] = `
<div
  style={
    Object {
      "color": "red",
    }
  }
>
  <SimpleX
    onClick={[Function]}
  />
   
  Error testing text
</div>
`;
