// Jest Snapshot v1, https://goo.gl/fbAQLP

exports[`renders a list of languages 1`] = `
<div>
  <span
    style={
      Object {
        "fontSize": "11pt",
        "paddingRight": "10px",
      }
    }
  >
    <b>
      Spellcheck language
    </b>
     for this file (updates on save):
  </span>
  <div
    className="dropdown btn-group"
  >
    <button
      aria-expanded={false}
      aria-haspopup={true}
      className="dropdown-toggle btn btn-default"
      disabled={false}
      id="other"
      onClick={[Function]}
      onKeyDown={[Function]}
      role="button"
      type="button"
    >
      Hello
       
      <span
        className="caret"
      />
    </button>
    <ul
      aria-labelledby="other"
      className="dropdown-menu"
      role="menu"
    >
      <li
        className=""
        role="presentation"
      >
        <a
          href="#"
          onClick={[Function]}
          onKeyDown={[Function]}
          role="menuitem"
          tabIndex="-1"
        >
          English (US)
        </a>
      </li>
      <li
        className=""
        role="presentation"
      >
        <a
          href="#"
          onClick={[Function]}
          onKeyDown={[Function]}
          role="menuitem"
          tabIndex="-1"
        >
          Disabled (no spell check)
        </a>
      </li>
      <li
        className="divider"
        onKeyDown={[Function]}
        role="separator"
      />
      <li
        className=""
        role="presentation"
      >
        <a
          href="#"
          onClick={[Function]}
          onKeyDown={[Function]}
          role="menuitem"
          tabIndex="-1"
        >
          Afrikaans
        </a>
      </li>
      <li
        className=""
        role="presentation"
      >
        <a
          href="#"
          onClick={[Function]}
          onKeyDown={[Function]}
          role="menuitem"
          tabIndex="-1"
        >
          Amharic
        </a>
      </li>
      <li
        className=""
        role="presentation"
      >
        <a
          href="#"
          onClick={[Function]}
          onKeyDown={[Function]}
          role="menuitem"
          tabIndex="-1"
        >
          Arabic
        </a>
      </li>
      <li
        className=""
        role="presentation"
      >
        <a
          href="#"
          onClick={[Function]}
          onKeyDown={[Function]}
          role="menuitem"
          tabIndex="-1"
        >
          Arabic (large)
        </a>
      </li>
      <li
        className=""
        role="presentation"
      >
        <a
          href="#"
          onClick={[Function]}
          onKeyDown={[Function]}
          role="menuitem"
          tabIndex="-1"
        >
          Bulgarian
        </a>
      </li>
      <li
        className=""
        role="presentation"
      >
        <a
          href="#"
          onClick={[Function]}
          onKeyDown={[Function]}
          role="menuitem"
          tabIndex="-1"
        >
          Bulgarian (w_english)
        </a>
      </li>
      <li
        className=""
        role="presentation"
      >
        <a
          href="#"
          onClick={[Function]}
          onKeyDown={[Function]}
          role="menuitem"
          tabIndex="-1"
        >
          Bulgarian (wo_english)
        </a>
      </li>
      <li
        className=""
        role="presentation"
      >
        <a
          href="#"
          onClick={[Function]}
          onKeyDown={[Function]}
          role="menuitem"
          tabIndex="-1"
        >
          Bengali
        </a>
      </li>
      <li
        className=""
        role="presentation"
      >
        <a
          href="#"
          onClick={[Function]}
          onKeyDown={[Function]}
          role="menuitem"
          tabIndex="-1"
        >
          Breton
        </a>
      </li>
      <li
        className=""
        role="presentation"
      >
        <a
          href="#"
          onClick={[Function]}
          onKeyDown={[Function]}
          role="menuitem"
          tabIndex="-1"
        >
          Catalan
        </a>
      </li>
      <li
        className=""
        role="presentation"
      >
        <a
          href="#"
          onClick={[Function]}
          onKeyDown={[Function]}
          role="menuitem"
          tabIndex="-1"
        >
          Catalan (general)
        </a>
      </li>
      <li
        className=""
        role="presentation"
      >
        <a
          href="#"
          onClick={[Function]}
          onKeyDown={[Function]}
          role="menuitem"
          tabIndex="-1"
        >
          Catalan (valencia)
        </a>
      </li>
      <li
        className=""
        role="presentation"
      >
        <a
          href="#"
          onClick={[Function]}
          onKeyDown={[Function]}
          role="menuitem"
          tabIndex="-1"
        >
          Czech
        </a>
      </li>
      <li
        className=""
        role="presentation"
      >
        <a
          href="#"
          onClick={[Function]}
          onKeyDown={[Function]}
          role="menuitem"
          tabIndex="-1"
        >
          Welsh
        </a>
      </li>
      <li
        className=""
        role="presentation"
      >
        <a
          href="#"
          onClick={[Function]}
          onKeyDown={[Function]}
          role="menuitem"
          tabIndex="-1"
        >
          Danish
        </a>
      </li>
      <li
        className=""
        role="presentation"
      >
        <a
          href="#"
          onClick={[Function]}
          onKeyDown={[Function]}
          role="menuitem"
          tabIndex="-1"
        >
          German
        </a>
      </li>
      <li
        className=""
        role="presentation"
      >
        <a
          href="#"
          onClick={[Function]}
          onKeyDown={[Function]}
          role="menuitem"
          tabIndex="-1"
        >
          German (1901)
        </a>
      </li>
      <li
        className=""
        role="presentation"
      >
        <a
          href="#"
          onClick={[Function]}
          onKeyDown={[Function]}
          role="menuitem"
          tabIndex="-1"
        >
          German (neu)
        </a>
      </li>
      <li
        className=""
        role="presentation"
      >
        <a
          href="#"
          onClick={[Function]}
          onKeyDown={[Function]}
          role="menuitem"
          tabIndex="-1"
        >
          German (AT)
        </a>
      </li>
      <li
        className=""
        role="presentation"
      >
        <a
          href="#"
          onClick={[Function]}
          onKeyDown={[Function]}
          role="menuitem"
          tabIndex="-1"
        >
          German (AT-neu)
        </a>
      </li>
      <li
        className=""
        role="presentation"
      >
        <a
          href="#"
          onClick={[Function]}
          onKeyDown={[Function]}
          role="menuitem"
          tabIndex="-1"
        >
          German (CH)
        </a>
      </li>
      <li
        className=""
        role="presentation"
      >
        <a
          href="#"
          onClick={[Function]}
          onKeyDown={[Function]}
          role="menuitem"
          tabIndex="-1"
        >
          German (CH-1901)
        </a>
      </li>
      <li
        className=""
        role="presentation"
      >
        <a
          href="#"
          onClick={[Function]}
          onKeyDown={[Function]}
          role="menuitem"
          tabIndex="-1"
        >
          German (CH-neu)
        </a>
      </li>
      <li
        className=""
        role="presentation"
      >
        <a
          href="#"
          onClick={[Function]}
          onKeyDown={[Function]}
          role="menuitem"
          tabIndex="-1"
        >
          German (DE)
        </a>
      </li>
      <li
        className=""
        role="presentation"
      >
        <a
          href="#"
          onClick={[Function]}
          onKeyDown={[Function]}
          role="menuitem"
          tabIndex="-1"
        >
          German (DE-1901)
        </a>
      </li>
      <li
        className=""
        role="presentation"
      >
        <a
          href="#"
          onClick={[Function]}
          onKeyDown={[Function]}
          role="menuitem"
          tabIndex="-1"
        >
          German (DE-neu)
        </a>
      </li>
      <li
        className=""
        role="presentation"
      >
        <a
          href="#"
          onClick={[Function]}
          onKeyDown={[Function]}
          role="menuitem"
          tabIndex="-1"
        >
          Greek
        </a>
      </li>
      <li
        className=""
        role="presentation"
      >
        <a
          href="#"
          onClick={[Function]}
          onKeyDown={[Function]}
          role="menuitem"
          tabIndex="-1"
        >
          English
        </a>
      </li>
      <li
        className=""
        role="presentation"
      >
        <a
          href="#"
          onClick={[Function]}
          onKeyDown={[Function]}
          role="menuitem"
          tabIndex="-1"
        >
          English (variant_0)
        </a>
      </li>
      <li
        className=""
        role="presentation"
      >
        <a
          href="#"
          onClick={[Function]}
          onKeyDown={[Function]}
          role="menuitem"
          tabIndex="-1"
        >
          English (variant_1)
        </a>
      </li>
      <li
        className=""
        role="presentation"
      >
        <a
          href="#"
          onClick={[Function]}
          onKeyDown={[Function]}
          role="menuitem"
          tabIndex="-1"
        >
          English (variant_2)
        </a>
      </li>
      <li
        className=""
        role="presentation"
      >
        <a
          href="#"
          onClick={[Function]}
          onKeyDown={[Function]}
          role="menuitem"
          tabIndex="-1"
        >
          English (w_accents)
        </a>
      </li>
      <li
        className=""
        role="presentation"
      >
        <a
          href="#"
          onClick={[Function]}
          onKeyDown={[Function]}
          role="menuitem"
          tabIndex="-1"
        >
          English (wo_accents)
        </a>
      </li>
      <li
        className=""
        role="presentation"
      >
        <a
          href="#"
          onClick={[Function]}
          onKeyDown={[Function]}
          role="menuitem"
          tabIndex="-1"
        >
          English (AU)
        </a>
      </li>
      <li
        className=""
        role="presentation"
      >
        <a
          href="#"
          onClick={[Function]}
          onKeyDown={[Function]}
          role="menuitem"
          tabIndex="-1"
        >
          English (AU-variant_0)
        </a>
      </li>
      <li
        className=""
        role="presentation"
      >
        <a
          href="#"
          onClick={[Function]}
          onKeyDown={[Function]}
          role="menuitem"
          tabIndex="-1"
        >
          English (AU-variant_1)
        </a>
      </li>
      <li
        className=""
        role="presentation"
      >
        <a
          href="#"
          onClick={[Function]}
          onKeyDown={[Function]}
          role="menuitem"
          tabIndex="-1"
        >
          English (AU-w_accents)
        </a>
      </li>
      <li
        className=""
        role="presentation"
      >
        <a
          href="#"
          onClick={[Function]}
          onKeyDown={[Function]}
          role="menuitem"
          tabIndex="-1"
        >
          English (AU-wo_accents)
        </a>
      </li>
      <li
        className=""
        role="presentation"
      >
        <a
          href="#"
          onClick={[Function]}
          onKeyDown={[Function]}
          role="menuitem"
          tabIndex="-1"
        >
          English (CA)
        </a>
      </li>
      <li
        className=""
        role="presentation"
      >
        <a
          href="#"
          onClick={[Function]}
          onKeyDown={[Function]}
          role="menuitem"
          tabIndex="-1"
        >
          English (CA-variant_0)
        </a>
      </li>
      <li
        className=""
        role="presentation"
      >
        <a
          href="#"
          onClick={[Function]}
          onKeyDown={[Function]}
          role="menuitem"
          tabIndex="-1"
        >
          English (CA-variant_1)
        </a>
      </li>
      <li
        className=""
        role="presentation"
      >
        <a
          href="#"
          onClick={[Function]}
          onKeyDown={[Function]}
          role="menuitem"
          tabIndex="-1"
        >
          English (CA-w_accents)
        </a>
      </li>
      <li
        className=""
        role="presentation"
      >
        <a
          href="#"
          onClick={[Function]}
          onKeyDown={[Function]}
          role="menuitem"
          tabIndex="-1"
        >
          English (CA-wo_accents)
        </a>
      </li>
      <li
        className=""
        role="presentation"
      >
        <a
          href="#"
          onClick={[Function]}
          onKeyDown={[Function]}
          role="menuitem"
          tabIndex="-1"
        >
          English (GB)
        </a>
      </li>
      <li
        className=""
        role="presentation"
      >
        <a
          href="#"
          onClick={[Function]}
          onKeyDown={[Function]}
          role="menuitem"
          tabIndex="-1"
        >
          English (GB-ise)
        </a>
      </li>
      <li
        className=""
        role="presentation"
      >
        <a
          href="#"
          onClick={[Function]}
          onKeyDown={[Function]}
          role="menuitem"
          tabIndex="-1"
        >
          English (GB-ise-w_accents)
        </a>
      </li>
      <li
        className=""
        role="presentation"
      >
        <a
          href="#"
          onClick={[Function]}
          onKeyDown={[Function]}
          role="menuitem"
          tabIndex="-1"
        >
          English (GB-ise-wo_accents)
        </a>
      </li>
      <li
        className=""
        role="presentation"
      >
        <a
          href="#"
          onClick={[Function]}
          onKeyDown={[Function]}
          role="menuitem"
          tabIndex="-1"
        >
          English (GB-ize)
        </a>
      </li>
      <li
        className=""
        role="presentation"
      >
        <a
          href="#"
          onClick={[Function]}
          onKeyDown={[Function]}
          role="menuitem"
          tabIndex="-1"
        >
          English (GB-ize-w_accents)
        </a>
      </li>
      <li
        className=""
        role="presentation"
      >
        <a
          href="#"
          onClick={[Function]}
          onKeyDown={[Function]}
          role="menuitem"
          tabIndex="-1"
        >
          English (GB-ize-wo_accents)
        </a>
      </li>
      <li
        className=""
        role="presentation"
      >
        <a
          href="#"
          onClick={[Function]}
          onKeyDown={[Function]}
          role="menuitem"
          tabIndex="-1"
        >
          English (GB-variant_0)
        </a>
      </li>
      <li
        className=""
        role="presentation"
      >
        <a
          href="#"
          onClick={[Function]}
          onKeyDown={[Function]}
          role="menuitem"
          tabIndex="-1"
        >
          English (GB-variant_1)
        </a>
      </li>
      <li
        className=""
        role="presentation"
      >
        <a
          href="#"
          onClick={[Function]}
          onKeyDown={[Function]}
          role="menuitem"
          tabIndex="-1"
        >
          English (GB-w_accents)
        </a>
      </li>
      <li
        className=""
        role="presentation"
      >
        <a
          href="#"
          onClick={[Function]}
          onKeyDown={[Function]}
          role="menuitem"
          tabIndex="-1"
        >
          English (GB-wo_accents)
        </a>
      </li>
      <li
        className=""
        role="presentation"
      >
        <a
          href="#"
          onClick={[Function]}
          onKeyDown={[Function]}
          role="menuitem"
          tabIndex="-1"
        >
          English (US)
        </a>
      </li>
      <li
        className=""
        role="presentation"
      >
        <a
          href="#"
          onClick={[Function]}
          onKeyDown={[Function]}
          role="menuitem"
          tabIndex="-1"
        >
          English (US-variant_0)
        </a>
      </li>
      <li
        className=""
        role="presentation"
      >
        <a
          href="#"
          onClick={[Function]}
          onKeyDown={[Function]}
          role="menuitem"
          tabIndex="-1"
        >
          English (US-variant_1)
        </a>
      </li>
      <li
        className=""
        role="presentation"
      >
        <a
          href="#"
          onClick={[Function]}
          onKeyDown={[Function]}
          role="menuitem"
          tabIndex="-1"
        >
          English (US-w_accents)
        </a>
      </li>
      <li
        className=""
        role="presentation"
      >
        <a
          href="#"
          onClick={[Function]}
          onKeyDown={[Function]}
          role="menuitem"
          tabIndex="-1"
        >
          English (US-wo_accents)
        </a>
      </li>
      <li
        className=""
        role="presentation"
      >
        <a
          href="#"
          onClick={[Function]}
          onKeyDown={[Function]}
          role="menuitem"
          tabIndex="-1"
        >
          Esperanto
        </a>
      </li>
      <li
        className=""
        role="presentation"
      >
        <a
          href="#"
          onClick={[Function]}
          onKeyDown={[Function]}
          role="menuitem"
          tabIndex="-1"
        >
          Esperanto (cx)
        </a>
      </li>
      <li
        className=""
        role="presentation"
      >
        <a
          href="#"
          onClick={[Function]}
          onKeyDown={[Function]}
          role="menuitem"
          tabIndex="-1"
        >
          Spanish
        </a>
      </li>
      <li
        className=""
        role="presentation"
      >
        <a
          href="#"
          onClick={[Function]}
          onKeyDown={[Function]}
          role="menuitem"
          tabIndex="-1"
        >
          Estonian
        </a>
      </li>
      <li
        className=""
        role="presentation"
      >
        <a
          href="#"
          onClick={[Function]}
          onKeyDown={[Function]}
          role="menuitem"
          tabIndex="-1"
        >
          Basque
        </a>
      </li>
      <li
        className=""
        role="presentation"
      >
        <a
          href="#"
          onClick={[Function]}
          onKeyDown={[Function]}
          role="menuitem"
          tabIndex="-1"
        >
          Persian
        </a>
      </li>
      <li
        className=""
        role="presentation"
      >
        <a
          href="#"
          onClick={[Function]}
          onKeyDown={[Function]}
          role="menuitem"
          tabIndex="-1"
        >
          Persian (common)
        </a>
      </li>
      <li
        className=""
        role="presentation"
      >
        <a
          href="#"
          onClick={[Function]}
          onKeyDown={[Function]}
          role="menuitem"
          tabIndex="-1"
        >
          Persian (generic)
        </a>
      </li>
      <li
        className=""
        role="presentation"
      >
        <a
          href="#"
          onClick={[Function]}
          onKeyDown={[Function]}
          role="menuitem"
          tabIndex="-1"
        >
          Persian (scientific)
        </a>
      </li>
      <li
        className=""
        role="presentation"
      >
        <a
          href="#"
          onClick={[Function]}
          onKeyDown={[Function]}
          role="menuitem"
          tabIndex="-1"
        >
          Faroese
        </a>
      </li>
      <li
        className=""
        role="presentation"
      >
        <a
          href="#"
          onClick={[Function]}
          onKeyDown={[Function]}
          role="menuitem"
          tabIndex="-1"
        >
          French
        </a>
      </li>
      <li
        className=""
        role="presentation"
      >
        <a
          href="#"
          onClick={[Function]}
          onKeyDown={[Function]}
          role="menuitem"
          tabIndex="-1"
        >
          French (40)
        </a>
      </li>
      <li
        className=""
        role="presentation"
      >
        <a
          href="#"
          onClick={[Function]}
          onKeyDown={[Function]}
          role="menuitem"
          tabIndex="-1"
        >
          French (60)
        </a>
      </li>
      <li
        className=""
        role="presentation"
      >
        <a
          href="#"
          onClick={[Function]}
          onKeyDown={[Function]}
          role="menuitem"
          tabIndex="-1"
        >
          French (80)
        </a>
      </li>
      <li
        className=""
        role="presentation"
      >
        <a
          href="#"
          onClick={[Function]}
          onKeyDown={[Function]}
          role="menuitem"
          tabIndex="-1"
        >
          French (lrg)
        </a>
      </li>
      <li
        className=""
        role="presentation"
      >
        <a
          href="#"
          onClick={[Function]}
          onKeyDown={[Function]}
          role="menuitem"
          tabIndex="-1"
        >
          French (med)
        </a>
      </li>
      <li
        className=""
        role="presentation"
      >
        <a
          href="#"
          onClick={[Function]}
          onKeyDown={[Function]}
          role="menuitem"
          tabIndex="-1"
        >
          French (sml)
        </a>
      </li>
      <li
        className=""
        role="presentation"
      >
        <a
          href="#"
          onClick={[Function]}
          onKeyDown={[Function]}
          role="menuitem"
          tabIndex="-1"
        >
          French (CH)
        </a>
      </li>
      <li
        className=""
        role="presentation"
      >
        <a
          href="#"
          onClick={[Function]}
          onKeyDown={[Function]}
          role="menuitem"
          tabIndex="-1"
        >
          French (CH-40)
        </a>
      </li>
      <li
        className=""
        role="presentation"
      >
        <a
          href="#"
          onClick={[Function]}
          onKeyDown={[Function]}
          role="menuitem"
          tabIndex="-1"
        >
          French (CH-60)
        </a>
      </li>
      <li
        className=""
        role="presentation"
      >
        <a
          href="#"
          onClick={[Function]}
          onKeyDown={[Function]}
          role="menuitem"
          tabIndex="-1"
        >
          French (CH-80)
        </a>
      </li>
      <li
        className=""
        role="presentation"
      >
        <a
          href="#"
          onClick={[Function]}
          onKeyDown={[Function]}
          role="menuitem"
          tabIndex="-1"
        >
          French (CH-lrg)
        </a>
      </li>
      <li
        className=""
        role="presentation"
      >
        <a
          href="#"
          onClick={[Function]}
          onKeyDown={[Function]}
          role="menuitem"
          tabIndex="-1"
        >
          French (CH-med)
        </a>
      </li>
      <li
        className=""
        role="presentation"
      >
        <a
          href="#"
          onClick={[Function]}
          onKeyDown={[Function]}
          role="menuitem"
          tabIndex="-1"
        >
          French (CH-sml)
        </a>
      </li>
      <li
        className=""
        role="presentation"
      >
        <a
          href="#"
          onClick={[Function]}
          onKeyDown={[Function]}
          role="menuitem"
          tabIndex="-1"
        >
          French (FR)
        </a>
      </li>
      <li
        className=""
        role="presentation"
      >
        <a
          href="#"
          onClick={[Function]}
          onKeyDown={[Function]}
          role="menuitem"
          tabIndex="-1"
        >
          French (FR-40)
        </a>
      </li>
      <li
        className=""
        role="presentation"
      >
        <a
          href="#"
          onClick={[Function]}
          onKeyDown={[Function]}
          role="menuitem"
          tabIndex="-1"
        >
          French (FR-60)
        </a>
      </li>
      <li
        className=""
        role="presentation"
      >
        <a
          href="#"
          onClick={[Function]}
          onKeyDown={[Function]}
          role="menuitem"
          tabIndex="-1"
        >
          French (FR-80)
        </a>
      </li>
      <li
        className=""
        role="presentation"
      >
        <a
          href="#"
          onClick={[Function]}
          onKeyDown={[Function]}
          role="menuitem"
          tabIndex="-1"
        >
          French (FR-lrg)
        </a>
      </li>
      <li
        className=""
        role="presentation"
      >
        <a
          href="#"
          onClick={[Function]}
          onKeyDown={[Function]}
          role="menuitem"
          tabIndex="-1"
        >
          French (FR-med)
        </a>
      </li>
      <li
        className=""
        role="presentation"
      >
        <a
          href="#"
          onClick={[Function]}
          onKeyDown={[Function]}
          role="menuitem"
          tabIndex="-1"
        >
          French (FR-sml)
        </a>
      </li>
      <li
        className=""
        role="presentation"
      >
        <a
          href="#"
          onClick={[Function]}
          onKeyDown={[Function]}
          role="menuitem"
          tabIndex="-1"
        >
          Irish
        </a>
      </li>
      <li
        className=""
        role="presentation"
      >
        <a
          href="#"
          onClick={[Function]}
          onKeyDown={[Function]}
          role="menuitem"
          tabIndex="-1"
        >
          Galician
        </a>
      </li>
      <li
        className=""
        role="presentation"
      >
        <a
          href="#"
          onClick={[Function]}
          onKeyDown={[Function]}
          role="menuitem"
          tabIndex="-1"
        >
          Galician (minimos)
        </a>
      </li>
      <li
        className=""
        role="presentation"
      >
        <a
          href="#"
          onClick={[Function]}
          onKeyDown={[Function]}
          role="menuitem"
          tabIndex="-1"
        >
          Gujarati
        </a>
      </li>
      <li
        className=""
        role="presentation"
      >
        <a
          href="#"
          onClick={[Function]}
          onKeyDown={[Function]}
          role="menuitem"
          tabIndex="-1"
        >
          Hebrew
        </a>
      </li>
      <li
        className=""
        role="presentation"
      >
        <a
          href="#"
          onClick={[Function]}
          onKeyDown={[Function]}
          role="menuitem"
          tabIndex="-1"
        >
          Hindi
        </a>
      </li>
      <li
        className=""
        role="presentation"
      >
        <a
          href="#"
          onClick={[Function]}
          onKeyDown={[Function]}
          role="menuitem"
          tabIndex="-1"
        >
          Croatian
        </a>
      </li>
      <li
        className=""
        role="presentation"
      >
        <a
          href="#"
          onClick={[Function]}
          onKeyDown={[Function]}
          role="menuitem"
          tabIndex="-1"
        >
          hsb
        </a>
      </li>
      <li
        className=""
        role="presentation"
      >
        <a
          href="#"
          onClick={[Function]}
          onKeyDown={[Function]}
          role="menuitem"
          tabIndex="-1"
        >
          Hungarian
        </a>
      </li>
      <li
        className=""
        role="presentation"
      >
        <a
          href="#"
          onClick={[Function]}
          onKeyDown={[Function]}
          role="menuitem"
          tabIndex="-1"
        >
          Armenian
        </a>
      </li>
      <li
        className=""
        role="presentation"
      >
        <a
          href="#"
          onClick={[Function]}
          onKeyDown={[Function]}
          role="menuitem"
          tabIndex="-1"
        >
          Indonesian
        </a>
      </li>
      <li
        className=""
        role="presentation"
      >
        <a
          href="#"
          onClick={[Function]}
          onKeyDown={[Function]}
          role="menuitem"
          tabIndex="-1"
        >
          Icelandic
        </a>
      </li>
      <li
        className=""
        role="presentation"
      >
        <a
          href="#"
          onClick={[Function]}
          onKeyDown={[Function]}
          role="menuitem"
          tabIndex="-1"
        >
          Italian
        </a>
      </li>
      <li
        className=""
        role="presentation"
      >
        <a
          href="#"
          onClick={[Function]}
          onKeyDown={[Function]}
          role="menuitem"
          tabIndex="-1"
        >
          Kazakh
        </a>
      </li>
      <li
        className=""
        role="presentation"
      >
        <a
          href="#"
          onClick={[Function]}
          onKeyDown={[Function]}
          role="menuitem"
          tabIndex="-1"
        >
          Kannada
        </a>
      </li>
      <li
        className=""
        role="presentation"
      >
        <a
          href="#"
          onClick={[Function]}
          onKeyDown={[Function]}
          role="menuitem"
          tabIndex="-1"
        >
          Kurdish
        </a>
      </li>
      <li
        className=""
        role="presentation"
      >
        <a
          href="#"
          onClick={[Function]}
          onKeyDown={[Function]}
          role="menuitem"
          tabIndex="-1"
        >
          Lithuanian
        </a>
      </li>
      <li
        className=""
        role="presentation"
      >
        <a
          href="#"
          onClick={[Function]}
          onKeyDown={[Function]}
          role="menuitem"
          tabIndex="-1"
        >
          Latvian
        </a>
      </li>
      <li
        className=""
        role="presentation"
      >
        <a
          href="#"
          onClick={[Function]}
          onKeyDown={[Function]}
          role="menuitem"
          tabIndex="-1"
        >
          Malayalam
        </a>
      </li>
      <li
        className=""
        role="presentation"
      >
        <a
          href="#"
          onClick={[Function]}
          onKeyDown={[Function]}
          role="menuitem"
          tabIndex="-1"
        >
          Marathi
        </a>
      </li>
      <li
        className=""
        role="presentation"
      >
        <a
          href="#"
          onClick={[Function]}
          onKeyDown={[Function]}
          role="menuitem"
          tabIndex="-1"
        >
          Norwegian Bokmål
        </a>
      </li>
      <li
        className=""
        role="presentation"
      >
        <a
          href="#"
          onClick={[Function]}
          onKeyDown={[Function]}
          role="menuitem"
          tabIndex="-1"
        >
          Dutch
        </a>
      </li>
      <li
        className=""
        role="presentation"
      >
        <a
          href="#"
          onClick={[Function]}
          onKeyDown={[Function]}
          role="menuitem"
          tabIndex="-1"
        >
          Norwegian Nynorsk
        </a>
      </li>
      <li
        className=""
        role="presentation"
      >
        <a
          href="#"
          onClick={[Function]}
          onKeyDown={[Function]}
          role="menuitem"
          tabIndex="-1"
        >
          Norwegian
        </a>
      </li>
      <li
        className=""
        role="presentation"
      >
        <a
          href="#"
          onClick={[Function]}
          onKeyDown={[Function]}
          role="menuitem"
          tabIndex="-1"
        >
          Southern Ndebele
        </a>
      </li>
      <li
        className=""
        role="presentation"
      >
        <a
          href="#"
          onClick={[Function]}
          onKeyDown={[Function]}
          role="menuitem"
          tabIndex="-1"
        >
          ns
        </a>
      </li>
      <li
        className=""
        role="presentation"
      >
        <a
          href="#"
          onClick={[Function]}
          onKeyDown={[Function]}
          role="menuitem"
          tabIndex="-1"
        >
          Oriya
        </a>
      </li>
      <li
        className=""
        role="presentation"
      >
        <a
          href="#"
          onClick={[Function]}
          onKeyDown={[Function]}
          role="menuitem"
          tabIndex="-1"
        >
          Panjabi
        </a>
      </li>
      <li
        className=""
        role="presentation"
      >
        <a
          href="#"
          onClick={[Function]}
          onKeyDown={[Function]}
          role="menuitem"
          tabIndex="-1"
        >
          Polish
        </a>
      </li>
      <li
        className=""
        role="presentation"
      >
        <a
          href="#"
          onClick={[Function]}
          onKeyDown={[Function]}
          role="menuitem"
          tabIndex="-1"
        >
          Portuguese (BR)
        </a>
      </li>
      <li
        className=""
        role="presentation"
      >
        <a
          href="#"
          onClick={[Function]}
          onKeyDown={[Function]}
          role="menuitem"
          tabIndex="-1"
        >
          Portuguese (PT)
        </a>
      </li>
      <li
        className=""
        role="presentation"
      >
        <a
          href="#"
          onClick={[Function]}
          onKeyDown={[Function]}
          role="menuitem"
          tabIndex="-1"
        >
          Romanian
        </a>
      </li>
      <li
        className=""
        role="presentation"
      >
        <a
          href="#"
          onClick={[Function]}
          onKeyDown={[Function]}
          role="menuitem"
          tabIndex="-1"
        >
          Russian
        </a>
      </li>
      <li
        className=""
        role="presentation"
      >
        <a
          href="#"
          onClick={[Function]}
          onKeyDown={[Function]}
          role="menuitem"
          tabIndex="-1"
        >
          Slovak
        </a>
      </li>
      <li
        className=""
        role="presentation"
      >
        <a
          href="#"
          onClick={[Function]}
          onKeyDown={[Function]}
          role="menuitem"
          tabIndex="-1"
        >
          Slovak (SK)
        </a>
      </li>
      <li
        className=""
        role="presentation"
      >
        <a
          href="#"
          onClick={[Function]}
          onKeyDown={[Function]}
          role="menuitem"
          tabIndex="-1"
        >
          Slovene
        </a>
      </li>
      <li
        className=""
        role="presentation"
      >
        <a
          href="#"
          onClick={[Function]}
          onKeyDown={[Function]}
          role="menuitem"
          tabIndex="-1"
        >
          Swati
        </a>
      </li>
      <li
        className=""
        role="presentation"
      >
        <a
          href="#"
          onClick={[Function]}
          onKeyDown={[Function]}
          role="menuitem"
          tabIndex="-1"
        >
          Southern Sotho
        </a>
      </li>
      <li
        className=""
        role="presentation"
      >
        <a
          href="#"
          onClick={[Function]}
          onKeyDown={[Function]}
          role="menuitem"
          tabIndex="-1"
        >
          Swedish
        </a>
      </li>
      <li
        className=""
        role="presentation"
      >
        <a
          href="#"
          onClick={[Function]}
          onKeyDown={[Function]}
          role="menuitem"
          tabIndex="-1"
        >
          Tamil
        </a>
      </li>
      <li
        className=""
        role="presentation"
      >
        <a
          href="#"
          onClick={[Function]}
          onKeyDown={[Function]}
          role="menuitem"
          tabIndex="-1"
        >
          Telugu
        </a>
      </li>
      <li
        className=""
        role="presentation"
      >
        <a
          href="#"
          onClick={[Function]}
          onKeyDown={[Function]}
          role="menuitem"
          tabIndex="-1"
        >
          Tagalog
        </a>
      </li>
      <li
        className=""
        role="presentation"
      >
        <a
          href="#"
          onClick={[Function]}
          onKeyDown={[Function]}
          role="menuitem"
          tabIndex="-1"
        >
          Tagalog (PH)
        </a>
      </li>
      <li
        className=""
        role="presentation"
      >
        <a
          href="#"
          onClick={[Function]}
          onKeyDown={[Function]}
          role="menuitem"
          tabIndex="-1"
        >
          Tswana
        </a>
      </li>
      <li
        className=""
        role="presentation"
      >
        <a
          href="#"
          onClick={[Function]}
          onKeyDown={[Function]}
          role="menuitem"
          tabIndex="-1"
        >
          Tsonga
        </a>
      </li>
      <li
        className=""
        role="presentation"
      >
        <a
          href="#"
          onClick={[Function]}
          onKeyDown={[Function]}
          role="menuitem"
          tabIndex="-1"
        >
          Ukrainian
        </a>
      </li>
      <li
        className=""
        role="presentation"
      >
        <a
          href="#"
          onClick={[Function]}
          onKeyDown={[Function]}
          role="menuitem"
          tabIndex="-1"
        >
          Uzbek
        </a>
      </li>
      <li
        className=""
        role="presentation"
      >
        <a
          href="#"
          onClick={[Function]}
          onKeyDown={[Function]}
          role="menuitem"
          tabIndex="-1"
        >
          Xhosa
        </a>
      </li>
      <li
        className=""
        role="presentation"
      >
        <a
          href="#"
          onClick={[Function]}
          onKeyDown={[Function]}
          role="menuitem"
          tabIndex="-1"
        >
          Zulu
        </a>
      </li>
    </ul>
  </div>
</div>
`;
